[kumquat-guitar-ebwz.squarespace.com/index.html]
[backblue.gif]
[fade.gif]
[index.html]
[images.squarespace-cdn.com/content/658c7023be92c93f9a731ec1/ddab73e2-3e11-4ce2-b7f4-d6b8e4ebb5cc/code+red+devil5d45.png]
[assets.squarespace.com/@sqs/polyfiller/1.6/legacy.js]
[use.typekit.net/ik/MQy_BK3CiCXzJacCgAgDIb7CAfcXNlvMhUegiT8G5oIfeGjBfFHN4UJLFRbh52jhWDju5ewaw2JDjc9owcwowhjojQSDwAmRwsnUMKG0jAFu-WsoShFGZAsude80ZkoRdhXCHKoyjamTiY8Djhy8ZYmC-Ao1Oco8if37OcBDOcu8OfG0-amlSWmyifu1iA8Xj]
[assets.squarespace.com/universal/scripts-compressed/extract-css-runtime-81586fbf3511c88e2522-min.en-US.js]
[assets.squarespace.com/universal/scripts-compressed/cldr-resource-pack-ee8b113d18003c69b1d0-min.en-US.js]
[assets.squarespace.com/@sqs/polyfiller/1.6/modern.js]
[assets.squarespace.com/universal/scripts-compressed/common-vendors-stable-82f1d6ae85195a971a86-min.en-US.js]
[assets.squarespace.com/universal/scripts-compressed/performance-0d31923e6a842fec8871-min.en-US.js]
[assets.squarespace.com/universal/scripts-compressed/extract-css-moment-js-vendor-82d5a604aeb33b642fa7-min.en-US.js]
[static1.squarespace.com/static/versioned-site-css/658c7023be92c93f9a731ec1/14/5c5a519771c10ba3470d8101/658c7023be92c93f9a731ec8/1502/site.css]
[static1.squarespace.com/static/vta/5c5a519771c10ba3470d8101/versioned-assets/1709748582156-AVQTPBS6ZL875R27E6ZT/static.css]
[images.squarespace-cdn.com/content/v1/658c7023be92c93f9a731ec1/ddab73e2-3e11-4ce2-b7f4-d6b8e4ebb5cc/code+red+devil26f7.png]
[kumquat-guitar-ebwz.squarespace.com/cart.html]
[assets.squarespace.com/universal/scripts-compressed/common-vendors-6771da853dc9eef1b2eb-min.en-US.js]
[kumquat-guitar-ebwz.squarespace.com/residents.html]
[kumquat-guitar-ebwz.squarespace.com/event.html]
[kumquat-guitar-ebwz.squarespace.com/gallery.html]
[images.squarespace-cdn.com/content/v1/658c7023be92c93f9a731ec1/e41efd1a-854a-4e18-8ea5-8f23ec12bcef/DSCN0392_Original.jpg]
[kumquat-guitar-ebwz.squarespace.com/sereno-sofia-parazi-photography.html]
[kumquat-guitar-ebwz.squarespace.com/index.html]
[static1.squarespace.com/static/vta/5c5a519771c10ba3470d8101/scripts/site-bundle.4df6f348a832dc61e261a099a8ca9b31.js]
[assets.squarespace.com/universal/scripts-compressed/common-e4555ea37e0fdad093f4-min.en-US.js]
[assets.squarespace.com/universal/images-v6/damask/error-dark.png]
[assets.squarespace.com/universal/images-v6/damask/error-dark@2x.png]
[assets.squarespace.com/universal/images-v6/damask/play-button.png]
[assets.squarespace.com/universal/images-v6/damask/play-button@2x.png]
[assets.squarespace.com/universal/images-v6/damask/edit-aviary-light.png]
[assets.squarespace.com/universal/images-v6/damask/edit-aviary-light@2x.png]
[assets.squarespace.com/universal/images-v6/damask/edit-info-light.png]
[assets.squarespace.com/universal/images-v6/damask/edit-info-light@2x.png]
[assets.squarespace.com/universal/images-v6/damask/trash-9-light.png]
[assets.squarespace.com/universal/images-v6/damask/trash-9-light@2x.png]
[assets.squarespace.com/universal/images-v6/damask/trash-9-red.png]
[assets.squarespace.com/universal/images-v6/damask/trash-9-red@2x.png]
[assets.squarespace.com/universal/images-v6/damask/getty-16-light.png]
[assets.squarespace.com/universal/images-v6/damask/getty-32-light.png]
[assets.squarespace.com/universal/images-v6/damask/shopping-cart-16-light.png]
[assets.squarespace.com/universal/images-v6/damask/shopping-cart-32-light.png]
[assets.squarespace.com/universal/images-v6/icons/block-indicator-dark.png]
[assets.squarespace.com/universal/images-v6/icons/block-indicator-dark@2x.png]
[assets.squarespace.com/universal/images-v6/icons/opentable-icons.png]
[assets.squarespace.com/universal/images-v6/icons/icon-searchqueries-20-dark.png]
[assets.squarespace.com/universal/images-v6/icons/icon-searchqueries-20-light.png]
[assets.squarespace.com/universal/images-v6/icons/icon-video-24-light-solid.png]
[assets.squarespace.com/universal/images-v6/standard/icon_close_7_light.png]
[assets.squarespace.com/universal/images-v6/icons/icon-settings-16-light.png]
[static1.squarespace.com/static/versioned-site-css/658c7023be92c93f9a731ec1/14/5c5a519771c10ba3470d8101/658c7023be92c93f9a731ec8/1502/site.css]
[static1.squarespace.com/static/vta/5c5a519771c10ba3470d8101/versioned-assets/1709748582156-AVQTPBS6ZL875R27E6ZT/static.css]
[kumquat-guitar-ebwz.squarespace.com/cart.html]
[images.squarespace-cdn.com/content/v1/658c7023be92c93f9a731ec1/c4a12186-05c5-4ece-ab24-88a6375aad6e/IMG_0365+2.jpg]
[kumquat-guitar-ebwz.squarespace.com/residents.html]
[kumquat-guitar-ebwz.squarespace.com/event.html]
[images.squarespace-cdn.com/content/v1/658c7023be92c93f9a731ec1/c57172db-d172-43a9-82d9-6b27369840cf/IMG_0373.jpg]
[images.squarespace-cdn.com/content/v1/658c7023be92c93f9a731ec1/0097f529-75b2-4b5a-b47d-d30c76d83e3a/DSCN0494_Original.jpg]
[images.squarespace-cdn.com/content/v1/658c7023be92c93f9a731ec1/41def06e-3f63-4fa9-b174-0f5ad3d01e41/DSCN0520_Original.jpg]
[images.squarespace-cdn.com/content/v1/658c7023be92c93f9a731ec1/cea38427-ddfb-4c46-afa6-e1934e84d02b/IMG_0193.jpg]
[images.squarespace-cdn.com/content/v1/658c7023be92c93f9a731ec1/e4bf42d3-6cd0-469c-978f-60c1d2882352/DSCN0442_Original.jpg]
[images.squarespace-cdn.com/content/v1/658c7023be92c93f9a731ec1/b543575e-e04d-4ac2-a598-b6923821851a/DSCN0404_Original.jpg]
[images.squarespace-cdn.com/content/v1/658c7023be92c93f9a731ec1/50f7f576-0deb-4eff-88da-8985208d80df/DSCN0549_Original.jpg]
[images.squarespace-cdn.com/content/v1/658c7023be92c93f9a731ec1/926bb4fd-290c-4047-98eb-96d3689161b0/IMG_0520.jpg]
[images.squarespace-cdn.com/content/v1/658c7023be92c93f9a731ec1/d500c933-9788-4fd6-8335-f20bd996abfd/DSCN0448_Original.jpg]
[images.squarespace-cdn.com/content/v1/658c7023be92c93f9a731ec1/d61a0634-0ec6-4501-bd48-6e66b49c5b01/IMG_0050.jpg]
[images.squarespace-cdn.com/content/v1/658c7023be92c93f9a731ec1/c14618e3-b7f2-4e31-850a-f1ee4fc2fa78/IMG_0641+2.jpg]
[images.squarespace-cdn.com/content/v1/658c7023be92c93f9a731ec1/4c361db3-bc8e-4825-8691-7d928d373bdd/DSCN0534_Original.jpg]
[images.squarespace-cdn.com/content/v1/658c7023be92c93f9a731ec1/49b3f5e7-a0ff-44de-9e94-5b752e44c314/IMG_0521.jpg]
[images.squarespace-cdn.com/content/v1/658c7023be92c93f9a731ec1/1ae60d1f-e44a-4c45-a413-4e0d5f417568/DSCN0520_Original.jpg]
[images.squarespace-cdn.com/content/v1/658c7023be92c93f9a731ec1/37bf1a72-c6a6-4481-b62c-ecba2d96df15/IMG_0578+2.jpg]
[images.squarespace-cdn.com/content/v1/658c7023be92c93f9a731ec1/d77ab253-e3a9-41e8-807f-b0bdd5d75ebf/DSCN0423_Original.jpg]
[images.squarespace-cdn.com/content/v1/658c7023be92c93f9a731ec1/ce59e616-4e5c-487b-aa41-051c127ef888/IMG_0554.jpg]
[images.squarespace-cdn.com/content/v1/658c7023be92c93f9a731ec1/e2a4fe4d-bf6e-4c44-aa40-d9f5227156d5/IMG_0506.jpg]
[images.squarespace-cdn.com/content/v1/658c7023be92c93f9a731ec1/bea57a08-d64c-4ebd-8f45-85a50ee2224f/IMG_0322.jpg]
[images.squarespace-cdn.com/content/v1/658c7023be92c93f9a731ec1/68d1ff19-355b-4642-8282-1527c120edd7/IMG_0233.jpg]
[images.squarespace-cdn.com/content/v1/658c7023be92c93f9a731ec1/8b6a4468-7308-4784-a754-95cfe10f891b/IMG_0141.jpg]
[images.squarespace-cdn.com/content/v1/658c7023be92c93f9a731ec1/f70fd0a6-254c-4d0e-b3d2-73e6b27c5cd2/DSCN0448_Original.jpg]
[images.squarespace-cdn.com/content/v1/658c7023be92c93f9a731ec1/1f005c21-8dff-41c2-8eed-39f8a6ad2e2a/IMG_0183.jpg]
[images.squarespace-cdn.com/content/v1/658c7023be92c93f9a731ec1/b15a5731-cef1-45fd-a788-c1d9a9d4445f/DSCN0381_Original.jpg]
[images.squarespace-cdn.com/content/v1/658c7023be92c93f9a731ec1/704395c1-c118-4948-a9ac-4a66f9ded35b/DSCN0475_Original.jpg]
[images.squarespace-cdn.com/content/v1/658c7023be92c93f9a731ec1/196dbf06-8257-4dc3-aac4-34a1e0dfb0ff/IMG_0523.jpg]
[images.squarespace-cdn.com/content/v1/658c7023be92c93f9a731ec1/b16cbf26-38b7-4286-86eb-1ed64d8f56b1/DSCN0408_Original.jpg]
[images.squarespace-cdn.com/content/v1/658c7023be92c93f9a731ec1/0b043f14-8e3f-4adf-85ee-b94dede91522/DSCN0549_Original.jpg]
[images.squarespace-cdn.com/content/v1/658c7023be92c93f9a731ec1/ecc870dc-b61f-489e-a596-dd9e3d86c305/IMG_0543.jpg]
[images.squarespace-cdn.com/content/v1/658c7023be92c93f9a731ec1/e668fa5e-7f1d-4cf6-a90c-0146c5026de8/DSCN0343_Original.jpg]
[images.squarespace-cdn.com/content/v1/658c7023be92c93f9a731ec1/5c9ca9f8-e6d0-45be-980b-29a9ca9abcfe/DSCN0474_Original.jpg]
[images.squarespace-cdn.com/content/v1/658c7023be92c93f9a731ec1/fbe2df14-5e44-4ddb-8fbf-36c27454475f/IMG_0239.jpg]
[images.squarespace-cdn.com/content/v1/658c7023be92c93f9a731ec1/8d74ab7b-14c6-4ce6-839d-916396477191/IMG_0535.jpg]
[images.squarespace-cdn.com/content/v1/658c7023be92c93f9a731ec1/924dfde0-28a4-4ba4-94a4-52291b7cca81/DSCN0422_Original.jpg]
[images.squarespace-cdn.com/content/v1/658c7023be92c93f9a731ec1/12b3925e-6656-4f96-bd60-c941b52a3bb5/IMG_0067.jpg]
[images.squarespace-cdn.com/content/v1/658c7023be92c93f9a731ec1/fda0b8e0-f14c-4271-8ffc-43f7bec9577f/DSCN0392_Original.jpg]
[kumquat-guitar-ebwz.squarespace.com/gallery.html]
[kumquat-guitar-ebwz.squarespace.com/tickets.html]
[kumquat-guitar-ebwz.squarespace.com/sereno-sofia-parazi-photography.html]
